2026-01-02T20:02:14.1969340Z Current runner version: '2.330.0'
2026-01-02T20:02:14.1995210Z ##[group]Runner Image Provisioner
2026-01-02T20:02:14.1995750Z Hosted Compute Agent
2026-01-02T20:02:14.1996090Z Version: 20251211.462
2026-01-02T20:02:14.1996460Z Commit: 6cbad8c2bb55d58165063d031ccabf57e2d2db61
2026-01-02T20:02:14.1996900Z Build Date: 2025-12-11T16:28:49Z
2026-01-02T20:02:14.1997310Z Worker ID: {319a1fc7-033e-4e2d-b282-6c9a80de5db4}
2026-01-02T20:02:14.1997720Z ##[endgroup]
2026-01-02T20:02:14.1998040Z ##[group]Operating System
2026-01-02T20:02:14.1998400Z macOS
2026-01-02T20:02:14.1998690Z 15.7.2
2026-01-02T20:02:14.1998950Z 24G325
2026-01-02T20:02:14.1999230Z ##[endgroup]
2026-01-02T20:02:14.1999520Z ##[group]Runner Image
2026-01-02T20:02:14.1999850Z Image: macos-15-arm64
2026-01-02T20:02:14.2000150Z Version: 20251215.0075.1
2026-01-02T20:02:14.2000830Z Included Software: https://github.com/actions/runner-images/blob/macos-15-arm64/20251215.0075/images/macos/macos-15-arm64-Readme.md
2026-01-02T20:02:14.2001950Z Image Release: https://github.com/actions/runner-images/releases/tag/macos-15-arm64%2F20251215.0075
2026-01-02T20:02:14.2002580Z ##[endgroup]
2026-01-02T20:02:14.2003280Z ##[group]GITHUB_TOKEN Permissions
2026-01-02T20:02:14.2004470Z Contents: read
2026-01-02T20:02:14.2007400Z Metadata: read
2026-01-02T20:02:14.2007710Z Packages: read
2026-01-02T20:02:14.2008000Z ##[endgroup]
2026-01-02T20:02:14.2009650Z Secret source: Actions
2026-01-02T20:02:14.2010070Z Prepare workflow directory
2026-01-02T20:02:14.2377600Z Prepare all required actions
2026-01-02T20:02:14.2442420Z Getting action download info
2026-01-02T20:02:14.5868510Z Download action repository 'actions/checkout@v4' (SHA:34e114876b0b11c390a56381ad16ebd13914f8d5)
2026-01-02T20:02:15.3265480Z Download action repository 'actions/setup-python@v5' (SHA:a26af69be951a213d495a4c3e4e4022e16d87065)
2026-01-02T20:02:15.5905990Z Download action repository 'codecov/codecov-action@v4' (SHA:b9fd7d16f6d7d1b5d2bec1a2887e65ceed900238)
2026-01-02T20:02:16.8805430Z Complete job name: Test (macos-latest)
2026-01-02T20:02:16.9452790Z ##[group]Run actions/checkout@v4
2026-01-02T20:02:16.9453380Z with:
2026-01-02T20:02:16.9453700Z   repository: logando-al/port_pilot
2026-01-02T20:02:16.9454300Z   token: ***
2026-01-02T20:02:16.9454590Z   ssh-strict: true
2026-01-02T20:02:16.9454880Z   ssh-user: git
2026-01-02T20:02:16.9455190Z   persist-credentials: true
2026-01-02T20:02:16.9455520Z   clean: true
2026-01-02T20:02:16.9455830Z   sparse-checkout-cone-mode: true
2026-01-02T20:02:16.9456200Z   fetch-depth: 1
2026-01-02T20:02:16.9456490Z   fetch-tags: false
2026-01-02T20:02:16.9456800Z   show-progress: true
2026-01-02T20:02:16.9457110Z   lfs: false
2026-01-02T20:02:16.9457400Z   submodules: false
2026-01-02T20:02:16.9457720Z   set-safe-directory: true
2026-01-02T20:02:16.9458180Z ##[endgroup]
2026-01-02T20:02:17.6554800Z Syncing repository: logando-al/port_pilot
2026-01-02T20:02:17.6559340Z ##[group]Getting Git version info
2026-01-02T20:02:17.6562560Z Working directory is '/Users/runner/work/port_pilot/port_pilot'
2026-01-02T20:02:17.6745000Z [command]/opt/homebrew/bin/git version
2026-01-02T20:02:17.6848980Z git version 2.50.1
2026-01-02T20:02:17.6872130Z ##[endgroup]
2026-01-02T20:02:17.6878150Z Copying '/Users/runner/.gitconfig' to '/Users/runner/work/_temp/34c858fd-452f-4a0d-944c-28f985f8fab3/.gitconfig'
2026-01-02T20:02:17.6879320Z Temporarily overriding HOME='/Users/runner/work/_temp/34c858fd-452f-4a0d-944c-28f985f8fab3' before making global git config changes
2026-01-02T20:02:17.6880310Z Adding repository directory to the temporary git global config as a safe directory
2026-01-02T20:02:17.6881440Z [command]/opt/homebrew/bin/git config --global --add safe.directory /Users/runner/work/port_pilot/port_pilot
2026-01-02T20:02:17.6882700Z Deleting the contents of '/Users/runner/work/port_pilot/port_pilot'
2026-01-02T20:02:17.6883440Z ##[group]Initializing the repository
2026-01-02T20:02:17.6883990Z [command]/opt/homebrew/bin/git init /Users/runner/work/port_pilot/port_pilot
2026-01-02T20:02:17.6884680Z hint: Using 'master' as the name for the initial branch. This default branch name
2026-01-02T20:02:17.6885860Z hint: is subject to change. To configure the initial branch name to use in all
2026-01-02T20:02:17.6886490Z hint: of your new repositories, which will suppress this warning, call:
2026-01-02T20:02:17.6886960Z hint:
2026-01-02T20:02:17.6887370Z hint: 	git config --global init.defaultBranch <name>
2026-01-02T20:02:17.6887820Z hint:
2026-01-02T20:02:17.6888410Z hint: Names commonly chosen instead of 'master' are 'main', 'trunk' and
2026-01-02T20:02:17.6889050Z hint: 'development'. The just-created branch can be renamed via this command:
2026-01-02T20:02:17.6889550Z hint:
2026-01-02T20:02:17.6889850Z hint: 	git branch -m <name>
2026-01-02T20:02:17.6890200Z hint:
2026-01-02T20:02:17.6890640Z hint: Disable this message with "git config set advice.defaultBranchName false"
2026-01-02T20:02:17.6891320Z Initialized empty Git repository in /Users/runner/work/port_pilot/port_pilot/.git/
2026-01-02T20:02:17.6892560Z [command]/opt/homebrew/bin/git remote add origin https://github.com/logando-al/port_pilot
2026-01-02T20:02:17.6893740Z ##[endgroup]
2026-01-02T20:02:17.6894270Z ##[group]Disabling automatic garbage collection
2026-01-02T20:02:17.6913900Z [command]/opt/homebrew/bin/git config --local gc.auto 0
2026-01-02T20:02:17.6914920Z ##[endgroup]
2026-01-02T20:02:17.6915390Z ##[group]Setting up auth
2026-01-02T20:02:17.6915890Z [command]/opt/homebrew/bin/git config --local --name-only --get-regexp core\.sshCommand
2026-01-02T20:02:17.6917360Z [command]/opt/homebrew/bin/git submodule foreach --recursive sh -c "git config --local --name-only --get-regexp 'core\.sshCommand' && git config --local --unset-all 'core.sshCommand' || :"
2026-01-02T20:02:17.8605440Z [command]/opt/homebrew/bin/git config --local --name-only --get-regexp http\.https\:\/\/github\.com\/\.extraheader
2026-01-02T20:02:17.8684900Z [command]/opt/homebrew/bin/git submodule foreach --recursive sh -c "git config --local --name-only --get-regexp 'http\.https\:\/\/github\.com\/\.extraheader' && git config --local --unset-all 'http.https://github.com/.extraheader' || :"
2026-01-02T20:02:18.0493790Z [command]/opt/homebrew/bin/git config --local --name-only --get-regexp ^includeIf\.gitdir:
2026-01-02T20:02:18.0496540Z [command]/opt/homebrew/bin/git submodule foreach --recursive git config --local --show-origin --name-only --get-regexp remote.origin.url
2026-01-02T20:02:18.1769120Z [command]/opt/homebrew/bin/git config --local http.https://github.com/.extraheader AUTHORIZATION: basic ***
2026-01-02T20:02:18.1845330Z ##[endgroup]
2026-01-02T20:02:18.1845990Z ##[group]Fetching the repository
2026-01-02T20:02:18.1853900Z [command]/opt/homebrew/bin/git -c protocol.version=2 fetch --no-tags --prune --no-recurse-submodules --depth=1 origin +dd84948d3e6d9ebb55603613ba64ff454c1a019f:refs/remotes/origin/main
2026-01-02T20:02:19.2325560Z From https://github.com/logando-al/port_pilot
2026-01-02T20:02:19.2326410Z  * [new ref]         dd84948d3e6d9ebb55603613ba64ff454c1a019f -> origin/main
2026-01-02T20:02:19.2433780Z ##[endgroup]
2026-01-02T20:02:19.2434710Z ##[group]Determining the checkout info
2026-01-02T20:02:19.2435680Z ##[endgroup]
2026-01-02T20:02:19.2436380Z [command]/opt/homebrew/bin/git sparse-checkout disable
2026-01-02T20:02:19.2526320Z [command]/opt/homebrew/bin/git config --local --unset-all extensions.worktreeConfig
2026-01-02T20:02:19.2639350Z ##[group]Checking out the ref
2026-01-02T20:02:19.2648950Z [command]/opt/homebrew/bin/git checkout --progress --force -B main refs/remotes/origin/main
2026-01-02T20:02:19.2927960Z Switched to a new branch 'main'
2026-01-02T20:02:19.3031330Z branch 'main' set up to track 'origin/main'.
2026-01-02T20:02:19.3267540Z ##[endgroup]
2026-01-02T20:02:19.3456180Z [command]/opt/homebrew/bin/git log -1 --format=%H
2026-01-02T20:02:19.3456780Z dd84948d3e6d9ebb55603613ba64ff454c1a019f
2026-01-02T20:02:19.3613990Z ##[group]Run actions/setup-python@v5
2026-01-02T20:02:19.3614300Z with:
2026-01-02T20:02:19.3614510Z   python-version: 3.13
2026-01-02T20:02:19.3614990Z   check-latest: false
2026-01-02T20:02:19.3615310Z   token: ***
2026-01-02T20:02:19.3615500Z   update-environment: true
2026-01-02T20:02:19.3615740Z   allow-prereleases: false
2026-01-02T20:02:19.3615960Z   freethreaded: false
2026-01-02T20:02:19.3616160Z ##[endgroup]
2026-01-02T20:02:19.5093390Z ##[group]Installed versions
2026-01-02T20:02:19.5175270Z Successfully set up CPython (3.13.11)
2026-01-02T20:02:19.5176490Z ##[endgroup]
2026-01-02T20:02:19.5276640Z ##[group]Run python -m pip install --upgrade pip
2026-01-02T20:02:19.5277070Z [36;1mpython -m pip install --upgrade pip[0m
2026-01-02T20:02:19.5277370Z [36;1mpip install -r requirements.txt[0m
2026-01-02T20:02:19.5277680Z [36;1mpip install -r requirements-dev.txt[0m
2026-01-02T20:02:19.5334570Z shell: /bin/bash -e {0}
2026-01-02T20:02:19.5334840Z env:
2026-01-02T20:02:19.5335170Z   pythonLocation: /Users/runner/hostedtoolcache/Python/3.13.11/arm64
2026-01-02T20:02:19.5335660Z   PKG_CONFIG_PATH: /Users/runner/hostedtoolcache/Python/3.13.11/arm64/lib/pkgconfig
2026-01-02T20:02:19.5336170Z   Python_ROOT_DIR: /Users/runner/hostedtoolcache/Python/3.13.11/arm64
2026-01-02T20:02:19.5336610Z   Python2_ROOT_DIR: /Users/runner/hostedtoolcache/Python/3.13.11/arm64
2026-01-02T20:02:19.5337050Z   Python3_ROOT_DIR: /Users/runner/hostedtoolcache/Python/3.13.11/arm64
2026-01-02T20:02:19.5337380Z ##[endgroup]
2026-01-02T20:02:21.0881770Z Requirement already satisfied: pip in /Library/Frameworks/Python.framework/Versions/3.13/lib/python3.13/site-packages (25.3)
2026-01-02T20:02:21.7543310Z Collecting PyQt6>=6.6.0 (from -r requirements.txt (line 2))
2026-01-02T20:02:21.8338430Z   Downloading pyqt6-6.10.1-cp39-abi3-macosx_10_14_universal2.whl.metadata (2.1 kB)
2026-01-02T20:02:21.9108480Z Collecting psutil>=5.9.0 (from -r requirements.txt (line 3))
2026-01-02T20:02:21.9244080Z   Downloading psutil-7.2.1-cp36-abi3-macosx_11_0_arm64.whl.metadata (22 kB)
2026-01-02T20:02:21.9566630Z Collecting qtawesome>=1.3.0 (from -r requirements.txt (line 4))
2026-01-02T20:02:21.9714000Z   Downloading qtawesome-1.4.0-py3-none-any.whl.metadata (11 kB)
2026-01-02T20:02:22.0025850Z Collecting PyQt6-sip<14,>=13.8 (from PyQt6>=6.6.0->-r requirements.txt (line 2))
2026-01-02T20:02:22.0168000Z   Downloading pyqt6_sip-13.10.3-cp313-cp313-macosx_10_13_universal2.whl.metadata (495 bytes)
2026-01-02T20:02:22.0424100Z Collecting PyQt6-Qt6<6.11.0,>=6.10.0 (from PyQt6>=6.6.0->-r requirements.txt (line 2))
2026-01-02T20:02:22.0596440Z   Downloading pyqt6_qt6-6.10.1-py3-none-macosx_11_0_arm64.whl.metadata (535 bytes)
2026-01-02T20:02:22.0861380Z Collecting qtpy (from qtawesome>=1.3.0->-r requirements.txt (line 4))
2026-01-02T20:02:22.1016760Z   Downloading QtPy-2.4.3-py3-none-any.whl.metadata (12 kB)
2026-01-02T20:02:22.1263390Z Collecting packaging (from qtpy->qtawesome>=1.3.0->-r requirements.txt (line 4))
2026-01-02T20:02:22.1394550Z   Downloading packaging-25.0-py3-none-any.whl.metadata (3.3 kB)
2026-01-02T20:02:22.1596260Z Downloading pyqt6-6.10.1-cp39-abi3-macosx_10_14_universal2.whl (60.2 MB)
2026-01-02T20:02:22.6554220Z    ━━━━━━━━━━━━━━━━━━━━━━━━━━━━━━━━━━━━━━━━ 60.2/60.2 MB 128.7 MB/s  0:00:00
2026-01-02T20:02:22.6765030Z Downloading pyqt6_qt6-6.10.1-py3-none-macosx_11_0_arm64.whl (62.3 MB)
2026-01-02T20:02:23.0799750Z    ━━━━━━━━━━━━━━━━━━━━━━━━━━━━━━━━━━━━━━━━ 62.3/62.3 MB 155.6 MB/s  0:00:00
2026-01-02T20:02:23.1045060Z Downloading pyqt6_sip-13.10.3-cp313-cp313-macosx_10_13_universal2.whl (112 kB)
2026-01-02T20:02:23.1244880Z Downloading psutil-7.2.1-cp36-abi3-macosx_11_0_arm64.whl (128 kB)
2026-01-02T20:02:23.1501770Z Downloading qtawesome-1.4.0-py3-none-any.whl (2.6 MB)
2026-01-02T20:02:23.1836630Z    ━━━━━━━━━━━━━━━━━━━━━━━━━━━━━━━━━━━━━━━━ 2.6/2.6 MB 83.8 MB/s  0:00:00
2026-01-02T20:02:23.1987480Z Downloading QtPy-2.4.3-py3-none-any.whl (95 kB)
2026-01-02T20:02:23.2171210Z Downloading packaging-25.0-py3-none-any.whl (66 kB)
2026-01-02T20:02:23.3373370Z Installing collected packages: PyQt6-Qt6, PyQt6-sip, psutil, packaging, qtpy, PyQt6, qtawesome
2026-01-02T20:02:25.2456920Z 
2026-01-02T20:02:25.2470860Z Successfully installed PyQt6-6.10.1 PyQt6-Qt6-6.10.1 PyQt6-sip-13.10.3 packaging-25.0 psutil-7.2.1 qtawesome-1.4.0 qtpy-2.4.3
2026-01-02T20:02:25.8823960Z Collecting pytest>=8.0.0 (from -r requirements-dev.txt (line 2))
2026-01-02T20:02:25.9653220Z   Downloading pytest-9.0.2-py3-none-any.whl.metadata (7.6 kB)
2026-01-02T20:02:26.0020710Z Collecting pytest-cov>=4.0.0 (from -r requirements-dev.txt (line 3))
2026-01-02T20:02:26.0192850Z   Downloading pytest_cov-7.0.0-py3-none-any.whl.metadata (31 kB)
2026-01-02T20:02:26.0615340Z Collecting pytest-qt>=4.3.0 (from -r requirements-dev.txt (line 4))
2026-01-02T20:02:26.0785810Z   Downloading pytest_qt-4.5.0-py3-none-any.whl.metadata (7.9 kB)
2026-01-02T20:02:26.3551330Z Collecting ruff>=0.1.0 (from -r requirements-dev.txt (line 5))
2026-01-02T20:02:26.3735840Z   Downloading ruff-0.14.10-py3-none-macosx_11_0_arm64.whl.metadata (26 kB)
2026-01-02T20:02:26.4586120Z Collecting mypy>=1.8.0 (from -r requirements-dev.txt (line 6))
2026-01-02T20:02:26.4758810Z   Downloading mypy-1.19.1-cp313-cp313-macosx_11_0_arm64.whl.metadata (2.2 kB)
2026-01-02T20:02:26.5240670Z Collecting pyinstaller>=6.0.0 (from -r requirements-dev.txt (line 7))
2026-01-02T20:02:26.5385230Z   Downloading pyinstaller-6.17.0-py3-none-macosx_10_13_universal2.whl.metadata (8.5 kB)
2026-01-02T20:02:26.5588350Z Collecting iniconfig>=1.0.1 (from pytest>=8.0.0->-r requirements-dev.txt (line 2))
2026-01-02T20:02:26.5724380Z   Downloading iniconfig-2.3.0-py3-none-any.whl.metadata (2.5 kB)
2026-01-02T20:02:26.5761110Z Requirement already satisfied: packaging>=22 in /Library/Frameworks/Python.framework/Versions/3.13/lib/python3.13/site-packages (from pytest>=8.0.0->-r requirements-dev.txt (line 2)) (25.0)
2026-01-02T20:02:26.5930110Z Collecting pluggy<2,>=1.5 (from pytest>=8.0.0->-r requirements-dev.txt (line 2))
2026-01-02T20:02:26.6066660Z   Downloading pluggy-1.6.0-py3-none-any.whl.metadata (4.8 kB)
2026-01-02T20:02:26.6315480Z Collecting pygments>=2.7.2 (from pytest>=8.0.0->-r requirements-dev.txt (line 2))
2026-01-02T20:02:26.6459990Z   Downloading pygments-2.19.2-py3-none-any.whl.metadata (2.5 kB)
2026-01-02T20:02:26.8451220Z Collecting coverage>=7.10.6 (from coverage[toml]>=7.10.6->pytest-cov>=4.0.0->-r requirements-dev.txt (line 3))
2026-01-02T20:02:26.8607240Z   Downloading coverage-7.13.1-cp313-cp313-macosx_11_0_arm64.whl.metadata (8.5 kB)
2026-01-02T20:02:26.8986680Z Collecting typing_extensions (from pytest-qt>=4.3.0->-r requirements-dev.txt (line 4))
2026-01-02T20:02:26.9136680Z   Downloading typing_extensions-4.15.0-py3-none-any.whl.metadata (3.3 kB)
2026-01-02T20:02:26.9381480Z Collecting mypy_extensions>=1.0.0 (from mypy>=1.8.0->-r requirements-dev.txt (line 6))
2026-01-02T20:02:26.9531450Z   Downloading mypy_extensions-1.1.0-py3-none-any.whl.metadata (1.1 kB)
2026-01-02T20:02:26.9756400Z Collecting pathspec>=0.9.0 (from mypy>=1.8.0->-r requirements-dev.txt (line 6))
2026-01-02T20:02:26.9902550Z   Downloading pathspec-0.12.1-py3-none-any.whl.metadata (21 kB)
2026-01-02T20:02:27.0574970Z Collecting librt>=0.6.2 (from mypy>=1.8.0->-r requirements-dev.txt (line 6))
2026-01-02T20:02:27.0736580Z   Downloading librt-0.7.7-cp313-cp313-macosx_11_0_arm64.whl.metadata (1.3 kB)
2026-01-02T20:02:27.0962720Z Collecting altgraph (from pyinstaller>=6.0.0->-r requirements-dev.txt (line 7))
2026-01-02T20:02:27.1105960Z   Downloading altgraph-0.17.5-py2.py3-none-any.whl.metadata (7.5 kB)
2026-01-02T20:02:27.1337000Z Collecting macholib>=1.8 (from pyinstaller>=6.0.0->-r requirements-dev.txt (line 7))
2026-01-02T20:02:27.1496590Z   Downloading macholib-1.16.4-py2.py3-none-any.whl.metadata (12 kB)
2026-01-02T20:02:27.1792780Z Collecting pyinstaller-hooks-contrib>=2025.9 (from pyinstaller>=6.0.0->-r requirements-dev.txt (line 7))
2026-01-02T20:02:27.1944240Z   Downloading pyinstaller_hooks_contrib-2025.11-py3-none-any.whl.metadata (16 kB)
2026-01-02T20:02:27.2747730Z Collecting setuptools>=42.0.0 (from pyinstaller>=6.0.0->-r requirements-dev.txt (line 7))
2026-01-02T20:02:27.2893380Z   Downloading setuptools-80.9.0-py3-none-any.whl.metadata (6.6 kB)
2026-01-02T20:02:27.3148080Z Downloading pytest-9.0.2-py3-none-any.whl (374 kB)
2026-01-02T20:02:27.3627500Z Downloading pluggy-1.6.0-py3-none-any.whl (20 kB)
2026-01-02T20:02:27.3789770Z Downloading pytest_cov-7.0.0-py3-none-any.whl (22 kB)
2026-01-02T20:02:27.3961030Z Downloading pytest_qt-4.5.0-py3-none-any.whl (37 kB)
2026-01-02T20:02:27.4139220Z Downloading ruff-0.14.10-py3-none-macosx_11_0_arm64.whl (12.9 MB)
2026-01-02T20:02:27.5096810Z    ━━━━━━━━━━━━━━━━━━━━━━━━━━━━━━━━━━━━━━━━ 12.9/12.9 MB 142.1 MB/s  0:00:00
2026-01-02T20:02:27.5316840Z Downloading mypy-1.19.1-cp313-cp313-macosx_11_0_arm64.whl (12.2 MB)
2026-01-02T20:02:27.5911130Z    ━━━━━━━━━━━━━━━━━━━━━━━━━━━━━━━━━━━━━━━━ 12.2/12.2 MB 206.4 MB/s  0:00:00
2026-01-02T20:02:27.6106260Z Downloading pyinstaller-6.17.0-py3-none-macosx_10_13_universal2.whl (1.0 MB)
2026-01-02T20:02:27.6171830Z    ━━━━━━━━━━━━━━━━━━━━━━━━━━━━━━━━━━━━━━━━ 1.0/1.0 MB 151.5 MB/s  0:00:00
2026-01-02T20:02:27.6405000Z Downloading coverage-7.13.1-cp313-cp313-macosx_11_0_arm64.whl (219 kB)
2026-01-02T20:02:27.6616000Z Downloading iniconfig-2.3.0-py3-none-any.whl (7.5 kB)
2026-01-02T20:02:27.6849280Z Downloading librt-0.7.7-cp313-cp313-macosx_11_0_arm64.whl (57 kB)
2026-01-02T20:02:27.7016200Z Downloading macholib-1.16.4-py2.py3-none-any.whl (38 kB)
2026-01-02T20:02:27.7183790Z Downloading altgraph-0.17.5-py2.py3-none-any.whl (21 kB)
2026-01-02T20:02:27.7344610Z Downloading mypy_extensions-1.1.0-py3-none-any.whl (5.0 kB)
2026-01-02T20:02:27.7518020Z Downloading pathspec-0.12.1-py3-none-any.whl (31 kB)
2026-01-02T20:02:27.7682810Z Downloading pygments-2.19.2-py3-none-any.whl (1.2 MB)
2026-01-02T20:02:27.7770630Z    ━━━━━━━━━━━━━━━━━━━━━━━━━━━━━━━━━━━━━━━━ 1.2/1.2 MB 156.4 MB/s  0:00:00
2026-01-02T20:02:27.7944570Z Downloading pyinstaller_hooks_contrib-2025.11-py3-none-any.whl (449 kB)
2026-01-02T20:02:27.8144610Z Downloading setuptools-80.9.0-py3-none-any.whl (1.2 MB)
2026-01-02T20:02:27.8328090Z    ━━━━━━━━━━━━━━━━━━━━━━━━━━━━━━━━━━━━━━━━ 1.2/1.2 MB 64.1 MB/s  0:00:00
2026-01-02T20:02:27.8479560Z Downloading typing_extensions-4.15.0-py3-none-any.whl (44 kB)
2026-01-02T20:02:27.9203330Z Installing collected packages: altgraph, typing_extensions, setuptools, ruff, pygments, pluggy, pathspec, mypy_extensions, macholib, librt, iniconfig, coverage, pytest, pyinstaller-hooks-contrib, mypy, pytest-qt, pytest-cov, pyinstaller
2026-01-02T20:02:31.8817760Z 
2026-01-02T20:02:31.8839220Z Successfully installed altgraph-0.17.5 coverage-7.13.1 iniconfig-2.3.0 librt-0.7.7 macholib-1.16.4 mypy-1.19.1 mypy_extensions-1.1.0 pathspec-0.12.1 pluggy-1.6.0 pygments-2.19.2 pyinstaller-6.17.0 pyinstaller-hooks-contrib-2025.11 pytest-9.0.2 pytest-cov-7.0.0 pytest-qt-4.5.0 ruff-0.14.10 setuptools-80.9.0 typing_extensions-4.15.0
2026-01-02T20:02:32.0508660Z ##[group]Run pytest tests/ -v --cov=src --cov-report=xml
2026-01-02T20:02:32.0509020Z [36;1mpytest tests/ -v --cov=src --cov-report=xml[0m
2026-01-02T20:02:32.0553610Z shell: /bin/bash -e {0}
2026-01-02T20:02:32.0553850Z env:
2026-01-02T20:02:32.0554150Z   pythonLocation: /Users/runner/hostedtoolcache/Python/3.13.11/arm64
2026-01-02T20:02:32.0554680Z   PKG_CONFIG_PATH: /Users/runner/hostedtoolcache/Python/3.13.11/arm64/lib/pkgconfig
2026-01-02T20:02:32.0555150Z   Python_ROOT_DIR: /Users/runner/hostedtoolcache/Python/3.13.11/arm64
2026-01-02T20:02:32.0555530Z   Python2_ROOT_DIR: /Users/runner/hostedtoolcache/Python/3.13.11/arm64
2026-01-02T20:02:32.0555920Z   Python3_ROOT_DIR: /Users/runner/hostedtoolcache/Python/3.13.11/arm64
2026-01-02T20:02:32.0556270Z   QT_QPA_PLATFORM: offscreen
2026-01-02T20:02:32.0556460Z ##[endgroup]
2026-01-02T20:02:32.7907800Z ============================= test session starts ==============================
2026-01-02T20:02:32.7974140Z platform darwin -- Python 3.13.11, pytest-9.0.2, pluggy-1.6.0 -- /Library/Frameworks/Python.framework/Versions/3.13/bin/python
2026-01-02T20:02:32.7976150Z cachedir: .pytest_cache
2026-01-02T20:02:32.7976660Z PyQt6 6.10.1 -- Qt runtime 6.10.1 -- Qt compiled 6.10.0
2026-01-02T20:02:32.7977740Z rootdir: /Users/runner/work/port_pilot/port_pilot
2026-01-02T20:02:32.7978140Z configfile: pyproject.toml
2026-01-02T20:02:32.7978460Z plugins: qt-4.5.0, cov-7.0.0
2026-01-02T20:02:33.1890480Z collecting ... collected 4 items / 3 errors
2026-01-02T20:02:33.1893960Z 
2026-01-02T20:02:33.1894170Z ==================================== ERRORS ====================================
2026-01-02T20:02:33.1894720Z _______________ ERROR collecting tests/unit/test_port_scanner.py _______________
2026-01-02T20:02:33.1895310Z ImportError while importing test module '/Users/runner/work/port_pilot/port_pilot/tests/unit/test_port_scanner.py'.
2026-01-02T20:02:33.1896190Z Hint: make sure your test modules/packages have valid Python names.
2026-01-02T20:02:33.1896670Z Traceback:
2026-01-02T20:02:33.1897200Z /Library/Frameworks/Python.framework/Versions/3.13/lib/python3.13/site-packages/_pytest/python.py:507: in importtestmodule
2026-01-02T20:02:33.1897790Z     mod = import_path(
2026-01-02T20:02:33.1898660Z /Library/Frameworks/Python.framework/Versions/3.13/lib/python3.13/site-packages/_pytest/pathlib.py:587: in import_path
2026-01-02T20:02:33.1899200Z     importlib.import_module(module_name)
2026-01-02T20:02:33.1899710Z /Library/Frameworks/Python.framework/Versions/3.13/lib/python3.13/importlib/__init__.py:88: in import_module
2026-01-02T20:02:33.1900540Z     return _bootstrap._gcd_import(name[level:], package, level)
2026-01-02T20:02:33.1901000Z            ^^^^^^^^^^^^^^^^^^^^^^^^^^^^^^^^^^^^^^^^^^^^^^^^^^^^
2026-01-02T20:02:33.1901360Z <frozen importlib._bootstrap>:1387: in _gcd_import
2026-01-02T20:02:33.1901670Z     ???
2026-01-02T20:02:33.1902020Z <frozen importlib._bootstrap>:1360: in _find_and_load
2026-01-02T20:02:33.1902630Z     ???
2026-01-02T20:02:33.1902950Z <frozen importlib._bootstrap>:1331: in _find_and_load_unlocked
2026-01-02T20:02:33.1903370Z     ???
2026-01-02T20:02:33.1903630Z <frozen importlib._bootstrap>:935: in _load_unlocked
2026-01-02T20:02:33.1903940Z     ???
2026-01-02T20:02:33.1904610Z /Library/Frameworks/Python.framework/Versions/3.13/lib/python3.13/site-packages/_pytest/assertion/rewrite.py:197: in exec_module
2026-01-02T20:02:33.1905370Z     exec(co, module.__dict__)
2026-01-02T20:02:33.1906490Z tests/unit/test_port_scanner.py:7: in <module>
2026-01-02T20:02:33.1906880Z     from src.core.port_scanner import PortInfo, PortScanner
2026-01-02T20:02:33.1907260Z E   ModuleNotFoundError: No module named 'src'
2026-01-02T20:02:33.1907670Z ______________ ERROR collecting tests/unit/test_process_killer.py ______________
2026-01-02T20:02:33.1908410Z ImportError while importing test module '/Users/runner/work/port_pilot/port_pilot/tests/unit/test_process_killer.py'.
2026-01-02T20:02:33.1910240Z Hint: make sure your test modules/packages have valid Python names.
2026-01-02T20:02:33.1910790Z Traceback:
2026-01-02T20:02:33.1911510Z /Library/Frameworks/Python.framework/Versions/3.13/lib/python3.13/site-packages/_pytest/python.py:507: in importtestmodule
2026-01-02T20:02:33.1912050Z     mod = import_path(
2026-01-02T20:02:33.1912590Z /Library/Frameworks/Python.framework/Versions/3.13/lib/python3.13/site-packages/_pytest/pathlib.py:587: in import_path
2026-01-02T20:02:33.1913360Z     importlib.import_module(module_name)
2026-01-02T20:02:33.1913880Z /Library/Frameworks/Python.framework/Versions/3.13/lib/python3.13/importlib/__init__.py:88: in import_module
2026-01-02T20:02:33.1914430Z     return _bootstrap._gcd_import(name[level:], package, level)
2026-01-02T20:02:33.1914880Z            ^^^^^^^^^^^^^^^^^^^^^^^^^^^^^^^^^^^^^^^^^^^^^^^^^^^^
2026-01-02T20:02:33.1915230Z <frozen importlib._bootstrap>:1387: in _gcd_import
2026-01-02T20:02:33.1915550Z     ???
2026-01-02T20:02:33.1915830Z <frozen importlib._bootstrap>:1360: in _find_and_load
2026-01-02T20:02:33.1916240Z     ???
2026-01-02T20:02:33.1916590Z <frozen importlib._bootstrap>:1331: in _find_and_load_unlocked
2026-01-02T20:02:33.1917170Z     ???
2026-01-02T20:02:33.1917480Z <frozen importlib._bootstrap>:935: in _load_unlocked
2026-01-02T20:02:33.1918350Z     ???
2026-01-02T20:02:33.1918920Z /Library/Frameworks/Python.framework/Versions/3.13/lib/python3.13/site-packages/_pytest/assertion/rewrite.py:197: in exec_module
2026-01-02T20:02:33.1919480Z     exec(co, module.__dict__)
2026-01-02T20:02:33.1919860Z tests/unit/test_process_killer.py:7: in <module>
2026-01-02T20:02:33.1920260Z     from src.core.process_killer import KillResult, ProcessKiller
2026-01-02T20:02:33.1920650Z E   ModuleNotFoundError: No module named 'src'
2026-01-02T20:02:33.1921140Z ______________ ERROR collecting tests/unit/test_tunnel_manager.py ______________
2026-01-02T20:02:33.1921730Z ImportError while importing test module '/Users/runner/work/port_pilot/port_pilot/tests/unit/test_tunnel_manager.py'.
2026-01-02T20:02:33.1922350Z Hint: make sure your test modules/packages have valid Python names.
2026-01-02T20:02:33.1922700Z Traceback:
2026-01-02T20:02:33.1923260Z /Library/Frameworks/Python.framework/Versions/3.13/lib/python3.13/site-packages/_pytest/python.py:507: in importtestmodule
2026-01-02T20:02:33.1923790Z     mod = import_path(
2026-01-02T20:02:33.1924290Z /Library/Frameworks/Python.framework/Versions/3.13/lib/python3.13/site-packages/_pytest/pathlib.py:587: in import_path
2026-01-02T20:02:33.1924910Z     importlib.import_module(module_name)
2026-01-02T20:02:33.1925490Z /Library/Frameworks/Python.framework/Versions/3.13/lib/python3.13/importlib/__init__.py:88: in import_module
2026-01-02T20:02:33.1926050Z     return _bootstrap._gcd_import(name[level:], package, level)
2026-01-02T20:02:33.1926370Z            ^^^^^^^^^^^^^^^^^^^^^^^^^^^^^^^^^^^^^^^^^^^^^^^^^^^^
2026-01-02T20:02:33.1926650Z <frozen importlib._bootstrap>:1387: in _gcd_import
2026-01-02T20:02:33.1926920Z     ???
2026-01-02T20:02:33.1927140Z <frozen importlib._bootstrap>:1360: in _find_and_load
2026-01-02T20:02:33.1927390Z     ???
2026-01-02T20:02:33.1927840Z <frozen importlib._bootstrap>:1331: in _find_and_load_unlocked
2026-01-02T20:02:33.1928290Z     ???
2026-01-02T20:02:33.1928510Z <frozen importlib._bootstrap>:935: in _load_unlocked
2026-01-02T20:02:33.1928840Z     ???
2026-01-02T20:02:33.1929270Z /Library/Frameworks/Python.framework/Versions/3.13/lib/python3.13/site-packages/_pytest/assertion/rewrite.py:197: in exec_module
2026-01-02T20:02:33.1929950Z     exec(co, module.__dict__)
2026-01-02T20:02:33.1930190Z tests/unit/test_tunnel_manager.py:7: in <module>
2026-01-02T20:02:33.1930560Z     from src.core.tunnel_manager import TunnelConfig, TunnelManager, TunnelStatus
2026-01-02T20:02:33.2004780Z E   ModuleNotFoundError: No module named 'src'
2026-01-02T20:02:33.2005400Z =========================== short test summary info ============================
2026-01-02T20:02:33.2005720Z ERROR tests/unit/test_port_scanner.py
2026-01-02T20:02:33.2006530Z ERROR tests/unit/test_process_killer.py
2026-01-02T20:02:33.2006840Z ERROR tests/unit/test_tunnel_manager.py
2026-01-02T20:02:33.2007650Z !!!!!!!!!!!!!!!!!!! Interrupted: 3 errors during collection !!!!!!!!!!!!!!!!!!!!
2026-01-02T20:02:33.2008100Z ============================== 3 errors in 0.37s ===============================
2026-01-02T20:02:33.2415630Z ##[error]Process completed with exit code 2.
2026-01-02T20:02:33.2529450Z Post job cleanup.
2026-01-02T20:02:33.3849660Z [command]/opt/homebrew/bin/git version
2026-01-02T20:02:33.3988070Z git version 2.50.1
2026-01-02T20:02:33.4011640Z Copying '/Users/runner/.gitconfig' to '/Users/runner/work/_temp/7a798795-9389-4167-8277-a2500eb3859e/.gitconfig'
2026-01-02T20:02:33.4018800Z Temporarily overriding HOME='/Users/runner/work/_temp/7a798795-9389-4167-8277-a2500eb3859e' before making global git config changes
2026-01-02T20:02:33.4019520Z Adding repository directory to the temporary git global config as a safe directory
2026-01-02T20:02:33.4022580Z [command]/opt/homebrew/bin/git config --global --add safe.directory /Users/runner/work/port_pilot/port_pilot
2026-01-02T20:02:33.4092640Z [command]/opt/homebrew/bin/git config --local --name-only --get-regexp core\.sshCommand
2026-01-02T20:02:33.4154650Z [command]/opt/homebrew/bin/git submodule foreach --recursive sh -c "git config --local --name-only --get-regexp 'core\.sshCommand' && git config --local --unset-all 'core.sshCommand' || :"
2026-01-02T20:02:33.5220940Z [command]/opt/homebrew/bin/git config --local --name-only --get-regexp http\.https\:\/\/github\.com\/\.extraheader
2026-01-02T20:02:33.5276570Z http.https://github.com/.extraheader
2026-01-02T20:02:33.5344830Z [command]/opt/homebrew/bin/git config --local --unset-all http.https://github.com/.extraheader
2026-01-02T20:02:33.5422610Z [command]/opt/homebrew/bin/git submodule foreach --recursive sh -c "git config --local --name-only --get-regexp 'http\.https\:\/\/github\.com\/\.extraheader' && git config --local --unset-all 'http.https://github.com/.extraheader' || :"
2026-01-02T20:02:33.6249440Z [command]/opt/homebrew/bin/git config --local --name-only --get-regexp ^includeIf\.gitdir:
2026-01-02T20:02:33.6334650Z [command]/opt/homebrew/bin/git submodule foreach --recursive git config --local --show-origin --name-only --get-regexp remote.origin.url
2026-01-02T20:02:33.7359310Z Cleaning up orphan processes
