2026-01-02T20:02:13.0913242Z Current runner version: '2.330.0'
2026-01-02T20:02:13.0943593Z ##[group]Runner Image Provisioner
2026-01-02T20:02:13.0944741Z Hosted Compute Agent
2026-01-02T20:02:13.0945384Z Version: 20251211.462
2026-01-02T20:02:13.0945952Z Commit: 6cbad8c2bb55d58165063d031ccabf57e2d2db61
2026-01-02T20:02:13.0946597Z Build Date: 2025-12-11T16:28:49Z
2026-01-02T20:02:13.0947147Z Worker ID: {671fea7a-8f3f-4506-80c1-ea30841b7be4}
2026-01-02T20:02:13.0947768Z ##[endgroup]
2026-01-02T20:02:13.0948219Z ##[group]Operating System
2026-01-02T20:02:13.0948739Z Ubuntu
2026-01-02T20:02:13.0949129Z 24.04.3
2026-01-02T20:02:13.0949558Z LTS
2026-01-02T20:02:13.0949940Z ##[endgroup]
2026-01-02T20:02:13.0950395Z ##[group]Runner Image
2026-01-02T20:02:13.0950879Z Image: ubuntu-24.04
2026-01-02T20:02:13.0951320Z Version: 20251215.174.1
2026-01-02T20:02:13.0952429Z Included Software: https://github.com/actions/runner-images/blob/ubuntu24/20251215.174/images/ubuntu/Ubuntu2404-Readme.md
2026-01-02T20:02:13.0953833Z Image Release: https://github.com/actions/runner-images/releases/tag/ubuntu24%2F20251215.174
2026-01-02T20:02:13.0954690Z ##[endgroup]
2026-01-02T20:02:13.0955645Z ##[group]GITHUB_TOKEN Permissions
2026-01-02T20:02:13.0957422Z Contents: read
2026-01-02T20:02:13.0957877Z Metadata: read
2026-01-02T20:02:13.0958353Z Packages: read
2026-01-02T20:02:13.0958811Z ##[endgroup]
2026-01-02T20:02:13.0960608Z Secret source: Actions
2026-01-02T20:02:13.0961286Z Prepare workflow directory
2026-01-02T20:02:13.1335773Z Prepare all required actions
2026-01-02T20:02:13.1390279Z Getting action download info
2026-01-02T20:02:13.4828453Z Download action repository 'actions/checkout@v4' (SHA:34e114876b0b11c390a56381ad16ebd13914f8d5)
2026-01-02T20:02:13.5471297Z Download action repository 'actions/setup-python@v5' (SHA:a26af69be951a213d495a4c3e4e4022e16d87065)
2026-01-02T20:02:13.6136644Z Download action repository 'codecov/codecov-action@v4' (SHA:b9fd7d16f6d7d1b5d2bec1a2887e65ceed900238)
2026-01-02T20:02:14.0529778Z Complete job name: Test (ubuntu-latest)
2026-01-02T20:02:14.1188394Z ##[group]Run actions/checkout@v4
2026-01-02T20:02:14.1189355Z with:
2026-01-02T20:02:14.1189915Z   repository: logando-al/port_pilot
2026-01-02T20:02:14.1190894Z   token: ***
2026-01-02T20:02:14.1191423Z   ssh-strict: true
2026-01-02T20:02:14.1192127Z   ssh-user: git
2026-01-02T20:02:14.1192668Z   persist-credentials: true
2026-01-02T20:02:14.1193299Z   clean: true
2026-01-02T20:02:14.1193829Z   sparse-checkout-cone-mode: true
2026-01-02T20:02:14.1194526Z   fetch-depth: 1
2026-01-02T20:02:14.1195039Z   fetch-tags: false
2026-01-02T20:02:14.1195611Z   show-progress: true
2026-01-02T20:02:14.1196115Z   lfs: false
2026-01-02T20:02:14.1196642Z   submodules: false
2026-01-02T20:02:14.1197164Z   set-safe-directory: true
2026-01-02T20:02:14.1198040Z ##[endgroup]
2026-01-02T20:02:14.2262403Z Syncing repository: logando-al/port_pilot
2026-01-02T20:02:14.2264541Z ##[group]Getting Git version info
2026-01-02T20:02:14.2265456Z Working directory is '/home/runner/work/port_pilot/port_pilot'
2026-01-02T20:02:14.2266842Z [command]/usr/bin/git version
2026-01-02T20:02:14.2300206Z git version 2.52.0
2026-01-02T20:02:14.2323866Z ##[endgroup]
2026-01-02T20:02:14.2339145Z Temporarily overriding HOME='/home/runner/work/_temp/1a376369-3e46-432b-823e-14ead3817945' before making global git config changes
2026-01-02T20:02:14.2343848Z Adding repository directory to the temporary git global config as a safe directory
2026-01-02T20:02:14.2354312Z [command]/usr/bin/git config --global --add safe.directory /home/runner/work/port_pilot/port_pilot
2026-01-02T20:02:14.2387295Z Deleting the contents of '/home/runner/work/port_pilot/port_pilot'
2026-01-02T20:02:14.2390392Z ##[group]Initializing the repository
2026-01-02T20:02:14.2394376Z [command]/usr/bin/git init /home/runner/work/port_pilot/port_pilot
2026-01-02T20:02:14.2466522Z hint: Using 'master' as the name for the initial branch. This default branch name
2026-01-02T20:02:14.2468871Z hint: will change to "main" in Git 3.0. To configure the initial branch name
2026-01-02T20:02:14.2471305Z hint: to use in all of your new repositories, which will suppress this warning,
2026-01-02T20:02:14.2472963Z hint: call:
2026-01-02T20:02:14.2473366Z hint:
2026-01-02T20:02:14.2474068Z hint: 	git config --global init.defaultBranch <name>
2026-01-02T20:02:14.2474852Z hint:
2026-01-02T20:02:14.2475903Z hint: Names commonly chosen instead of 'master' are 'main', 'trunk' and
2026-01-02T20:02:14.2477169Z hint: 'development'. The just-created branch can be renamed via this command:
2026-01-02T20:02:14.2478123Z hint:
2026-01-02T20:02:14.2478535Z hint: 	git branch -m <name>
2026-01-02T20:02:14.2479051Z hint:
2026-01-02T20:02:14.2479804Z hint: Disable this message with "git config set advice.defaultBranchName false"
2026-01-02T20:02:14.2481782Z Initialized empty Git repository in /home/runner/work/port_pilot/port_pilot/.git/
2026-01-02T20:02:14.2483942Z [command]/usr/bin/git remote add origin https://github.com/logando-al/port_pilot
2026-01-02T20:02:14.2508050Z ##[endgroup]
2026-01-02T20:02:14.2508896Z ##[group]Disabling automatic garbage collection
2026-01-02T20:02:14.2511722Z [command]/usr/bin/git config --local gc.auto 0
2026-01-02T20:02:14.2533805Z ##[endgroup]
2026-01-02T20:02:14.2534603Z ##[group]Setting up auth
2026-01-02T20:02:14.2540028Z [command]/usr/bin/git config --local --name-only --get-regexp core\.sshCommand
2026-01-02T20:02:14.2563999Z [command]/usr/bin/git submodule foreach --recursive sh -c "git config --local --name-only --get-regexp 'core\.sshCommand' && git config --local --unset-all 'core.sshCommand' || :"
2026-01-02T20:02:14.2812331Z [command]/usr/bin/git config --local --name-only --get-regexp http\.https\:\/\/github\.com\/\.extraheader
2026-01-02T20:02:14.2834988Z [command]/usr/bin/git submodule foreach --recursive sh -c "git config --local --name-only --get-regexp 'http\.https\:\/\/github\.com\/\.extraheader' && git config --local --unset-all 'http.https://github.com/.extraheader' || :"
2026-01-02T20:02:14.2997449Z [command]/usr/bin/git config --local --name-only --get-regexp ^includeIf\.gitdir:
2026-01-02T20:02:14.3021943Z [command]/usr/bin/git submodule foreach --recursive git config --local --show-origin --name-only --get-regexp remote.origin.url
2026-01-02T20:02:14.3196736Z [command]/usr/bin/git config --local http.https://github.com/.extraheader AUTHORIZATION: basic ***
2026-01-02T20:02:14.3223197Z ##[endgroup]
2026-01-02T20:02:14.3224589Z ##[group]Fetching the repository
2026-01-02T20:02:14.3233233Z [command]/usr/bin/git -c protocol.version=2 fetch --no-tags --prune --no-recurse-submodules --depth=1 origin +dd84948d3e6d9ebb55603613ba64ff454c1a019f:refs/remotes/origin/main
2026-01-02T20:02:14.6699318Z From https://github.com/logando-al/port_pilot
2026-01-02T20:02:14.6701026Z  * [new ref]         dd84948d3e6d9ebb55603613ba64ff454c1a019f -> origin/main
2026-01-02T20:02:14.6728402Z ##[endgroup]
2026-01-02T20:02:14.6729815Z ##[group]Determining the checkout info
2026-01-02T20:02:14.6731101Z ##[endgroup]
2026-01-02T20:02:14.6733853Z [command]/usr/bin/git sparse-checkout disable
2026-01-02T20:02:14.6766226Z [command]/usr/bin/git config --local --unset-all extensions.worktreeConfig
2026-01-02T20:02:14.6785986Z ##[group]Checking out the ref
2026-01-02T20:02:14.6788990Z [command]/usr/bin/git checkout --progress --force -B main refs/remotes/origin/main
2026-01-02T20:02:14.6882153Z Switched to a new branch 'main'
2026-01-02T20:02:14.6886234Z branch 'main' set up to track 'origin/main'.
2026-01-02T20:02:14.6892675Z ##[endgroup]
2026-01-02T20:02:14.6930753Z [command]/usr/bin/git log -1 --format=%H
2026-01-02T20:02:14.6950251Z dd84948d3e6d9ebb55603613ba64ff454c1a019f
2026-01-02T20:02:14.7250272Z ##[group]Run actions/setup-python@v5
2026-01-02T20:02:14.7251309Z with:
2026-01-02T20:02:14.7252217Z   python-version: 3.13
2026-01-02T20:02:14.7253069Z   check-latest: false
2026-01-02T20:02:14.7254118Z   token: ***
2026-01-02T20:02:14.7254916Z   update-environment: true
2026-01-02T20:02:14.7255836Z   allow-prereleases: false
2026-01-02T20:02:14.7256708Z   freethreaded: false
2026-01-02T20:02:14.7257679Z ##[endgroup]
2026-01-02T20:02:14.8861762Z ##[group]Installed versions
2026-01-02T20:02:14.9943811Z Successfully set up CPython (3.13.11)
2026-01-02T20:02:14.9946775Z ##[endgroup]
2026-01-02T20:02:15.0073182Z ##[group]Run sudo apt-get update
2026-01-02T20:02:15.0074260Z [36;1msudo apt-get update[0m
2026-01-02T20:02:15.0075494Z [36;1msudo apt-get install -y libxcb-xinerama0 libxcb-cursor0[0m
2026-01-02T20:02:15.0522282Z shell: /usr/bin/bash -e {0}
2026-01-02T20:02:15.0523676Z env:
2026-01-02T20:02:15.0525126Z   pythonLocation: /opt/hostedtoolcache/Python/3.13.11/x64
2026-01-02T20:02:15.0527603Z   PKG_CONFIG_PATH: /opt/hostedtoolcache/Python/3.13.11/x64/lib/pkgconfig
2026-01-02T20:02:15.0530005Z   Python_ROOT_DIR: /opt/hostedtoolcache/Python/3.13.11/x64
2026-01-02T20:02:15.0532295Z   Python2_ROOT_DIR: /opt/hostedtoolcache/Python/3.13.11/x64
2026-01-02T20:02:15.0534506Z   Python3_ROOT_DIR: /opt/hostedtoolcache/Python/3.13.11/x64
2026-01-02T20:02:15.0536636Z   LD_LIBRARY_PATH: /opt/hostedtoolcache/Python/3.13.11/x64/lib
2026-01-02T20:02:15.0538507Z ##[endgroup]
2026-01-02T20:02:15.7350031Z Get:1 file:/etc/apt/apt-mirrors.txt Mirrorlist [144 B]
2026-01-02T20:02:15.8439904Z Hit:6 https://packages.microsoft.com/repos/azure-cli noble InRelease
2026-01-02T20:02:15.8444121Z Get:7 https://packages.microsoft.com/ubuntu/24.04/prod noble InRelease [3600 B]
2026-01-02T20:02:15.8446549Z Hit:2 http://azure.archive.ubuntu.com/ubuntu noble InRelease
2026-01-02T20:02:15.9380734Z Get:3 http://azure.archive.ubuntu.com/ubuntu noble-updates InRelease [126 kB]
2026-01-02T20:02:15.9878595Z Get:4 http://azure.archive.ubuntu.com/ubuntu noble-backports InRelease [126 kB]
2026-01-02T20:02:16.0485708Z Get:5 http://azure.archive.ubuntu.com/ubuntu noble-security InRelease [126 kB]
2026-01-02T20:02:16.3655381Z Get:8 https://packages.microsoft.com/ubuntu/24.04/prod noble/main armhf Packages [11.4 kB]
2026-01-02T20:02:16.3741022Z Get:9 https://packages.microsoft.com/ubuntu/24.04/prod noble/main amd64 Packages [77.2 kB]
2026-01-02T20:02:16.3775934Z Get:10 https://packages.microsoft.com/ubuntu/24.04/prod noble/main arm64 Packages [59.1 kB]
2026-01-02T20:02:16.4036606Z Get:11 http://azure.archive.ubuntu.com/ubuntu noble-updates/main amd64 Packages [1684 kB]
2026-01-02T20:02:16.4117476Z Get:12 http://azure.archive.ubuntu.com/ubuntu noble-updates/main Translation-en [311 kB]
2026-01-02T20:02:16.4137769Z Get:13 http://azure.archive.ubuntu.com/ubuntu noble-updates/main amd64 Components [175 kB]
2026-01-02T20:02:16.4154009Z Get:14 http://azure.archive.ubuntu.com/ubuntu noble-updates/main amd64 c-n-f Metadata [15.8 kB]
2026-01-02T20:02:16.4163621Z Get:15 http://azure.archive.ubuntu.com/ubuntu noble-updates/universe amd64 Packages [1506 kB]
2026-01-02T20:02:16.4240236Z Get:16 http://azure.archive.ubuntu.com/ubuntu noble-updates/universe Translation-en [306 kB]
2026-01-02T20:02:16.4262226Z Get:17 http://azure.archive.ubuntu.com/ubuntu noble-updates/universe amd64 Components [378 kB]
2026-01-02T20:02:16.4285786Z Get:18 http://azure.archive.ubuntu.com/ubuntu noble-updates/universe amd64 c-n-f Metadata [31.4 kB]
2026-01-02T20:02:16.4293545Z Get:19 http://azure.archive.ubuntu.com/ubuntu noble-updates/restricted amd64 Packages [2413 kB]
2026-01-02T20:02:16.4403639Z Get:20 http://azure.archive.ubuntu.com/ubuntu noble-updates/restricted Translation-en [550 kB]
2026-01-02T20:02:16.4885748Z Get:21 http://azure.archive.ubuntu.com/ubuntu noble-updates/restricted amd64 Components [208 B]
2026-01-02T20:02:16.4887007Z Get:22 http://azure.archive.ubuntu.com/ubuntu noble-updates/restricted amd64 c-n-f Metadata [516 B]
2026-01-02T20:02:16.4888561Z Get:23 http://azure.archive.ubuntu.com/ubuntu noble-updates/multiverse amd64 Packages [30.3 kB]
2026-01-02T20:02:16.4889608Z Get:24 http://azure.archive.ubuntu.com/ubuntu noble-updates/multiverse Translation-en [6048 B]
2026-01-02T20:02:16.4894133Z Get:25 http://azure.archive.ubuntu.com/ubuntu noble-updates/multiverse amd64 Components [940 B]
2026-01-02T20:02:16.4902329Z Get:26 http://azure.archive.ubuntu.com/ubuntu noble-updates/multiverse amd64 c-n-f Metadata [488 B]
2026-01-02T20:02:16.4909583Z Get:27 http://azure.archive.ubuntu.com/ubuntu noble-backports/main amd64 Packages [40.4 kB]
2026-01-02T20:02:16.4918360Z Get:28 http://azure.archive.ubuntu.com/ubuntu noble-backports/main amd64 Components [7284 B]
2026-01-02T20:02:16.4924627Z Get:29 http://azure.archive.ubuntu.com/ubuntu noble-backports/main amd64 c-n-f Metadata [368 B]
2026-01-02T20:02:16.4932803Z Get:30 http://azure.archive.ubuntu.com/ubuntu noble-backports/universe amd64 Packages [29.5 kB]
2026-01-02T20:02:16.4942280Z Get:31 http://azure.archive.ubuntu.com/ubuntu noble-backports/universe Translation-en [17.9 kB]
2026-01-02T20:02:16.4949424Z Get:32 http://azure.archive.ubuntu.com/ubuntu noble-backports/universe amd64 Components [10.5 kB]
2026-01-02T20:02:16.4957430Z Get:33 http://azure.archive.ubuntu.com/ubuntu noble-backports/universe amd64 c-n-f Metadata [1444 B]
2026-01-02T20:02:16.4966354Z Get:34 http://azure.archive.ubuntu.com/ubuntu noble-backports/restricted amd64 Components [212 B]
2026-01-02T20:02:16.5378983Z Get:35 http://azure.archive.ubuntu.com/ubuntu noble-backports/multiverse amd64 Components [212 B]
2026-01-02T20:02:16.5386800Z Get:36 http://azure.archive.ubuntu.com/ubuntu noble-security/main Translation-en [225 kB]
2026-01-02T20:02:16.5404227Z Get:37 http://azure.archive.ubuntu.com/ubuntu noble-security/main amd64 Components [21.5 kB]
2026-01-02T20:02:16.5411602Z Get:38 http://azure.archive.ubuntu.com/ubuntu noble-security/main amd64 c-n-f Metadata [9504 B]
2026-01-02T20:02:16.5418177Z Get:39 http://azure.archive.ubuntu.com/ubuntu noble-security/universe amd64 Components [71.5 kB]
2026-01-02T20:02:16.5427089Z Get:40 http://azure.archive.ubuntu.com/ubuntu noble-security/restricted amd64 Components [212 B]
2026-01-02T20:02:16.5436137Z Get:41 http://azure.archive.ubuntu.com/ubuntu noble-security/multiverse amd64 Components [212 B]
2026-01-02T20:02:23.9138097Z Fetched 8375 kB in 2s (5200 kB/s)
2026-01-02T20:02:24.6432714Z Reading package lists...
2026-01-02T20:02:24.6737922Z Reading package lists...
2026-01-02T20:02:24.8232407Z Building dependency tree...
2026-01-02T20:02:24.8238840Z Reading state information...
2026-01-02T20:02:24.9836679Z The following additional packages will be installed:
2026-01-02T20:02:24.9839607Z   libxcb-image0 libxcb-render-util0 libxcb-util1
2026-01-02T20:02:25.0001325Z The following NEW packages will be installed:
2026-01-02T20:02:25.0001973Z   libxcb-cursor0 libxcb-image0 libxcb-render-util0 libxcb-util1
2026-01-02T20:02:25.0004023Z   libxcb-xinerama0
2026-01-02T20:02:25.0160758Z 0 upgraded, 5 newly installed, 0 to remove and 69 not upgraded.
2026-01-02T20:02:25.0161349Z Need to get 47.2 kB of archives.
2026-01-02T20:02:25.0162017Z After this operation, 208 kB of additional disk space will be used.
2026-01-02T20:02:25.0162417Z Get:1 file:/etc/apt/apt-mirrors.txt Mirrorlist [144 B]
2026-01-02T20:02:25.0521386Z Get:2 http://azure.archive.ubuntu.com/ubuntu noble/main amd64 libxcb-xinerama0 amd64 1.15-1ubuntu2 [5410 B]
2026-01-02T20:02:25.0746344Z Get:3 http://azure.archive.ubuntu.com/ubuntu noble/main amd64 libxcb-util1 amd64 0.4.0-1build3 [10.7 kB]
2026-01-02T20:02:25.0964401Z Get:4 http://azure.archive.ubuntu.com/ubuntu noble/main amd64 libxcb-image0 amd64 0.4.0-2build1 [10.8 kB]
2026-01-02T20:02:25.1183728Z Get:5 http://azure.archive.ubuntu.com/ubuntu noble/main amd64 libxcb-render-util0 amd64 0.3.9-1build4 [9608 B]
2026-01-02T20:02:25.1402013Z Get:6 http://azure.archive.ubuntu.com/ubuntu noble/universe amd64 libxcb-cursor0 amd64 0.1.4-1build1 [10.7 kB]
2026-01-02T20:02:25.3760771Z Fetched 47.2 kB in 0s (356 kB/s)
2026-01-02T20:02:25.3954885Z Selecting previously unselected package libxcb-xinerama0:amd64.
2026-01-02T20:02:25.4110504Z (Reading database ... 
2026-01-02T20:02:25.4110791Z (Reading database ... 5%
2026-01-02T20:02:25.4110992Z (Reading database ... 10%
2026-01-02T20:02:25.4111196Z (Reading database ... 15%
2026-01-02T20:02:25.4111383Z (Reading database ... 20%
2026-01-02T20:02:25.4111694Z (Reading database ... 25%
2026-01-02T20:02:25.4112098Z (Reading database ... 30%
2026-01-02T20:02:25.4112305Z (Reading database ... 35%
2026-01-02T20:02:25.4112568Z (Reading database ... 40%
2026-01-02T20:02:25.4112885Z (Reading database ... 45%
2026-01-02T20:02:25.4113086Z (Reading database ... 50%
2026-01-02T20:02:25.4181464Z (Reading database ... 55%
2026-01-02T20:02:25.4552456Z (Reading database ... 60%
2026-01-02T20:02:25.5622310Z (Reading database ... 65%
2026-01-02T20:02:25.5824185Z (Reading database ... 70%
2026-01-02T20:02:25.6123047Z (Reading database ... 75%
2026-01-02T20:02:25.6854474Z (Reading database ... 80%
2026-01-02T20:02:25.7731115Z (Reading database ... 85%
2026-01-02T20:02:25.8782282Z (Reading database ... 90%
2026-01-02T20:02:25.9832846Z (Reading database ... 95%
2026-01-02T20:02:25.9833341Z (Reading database ... 100%
2026-01-02T20:02:25.9833961Z (Reading database ... 217374 files and directories currently installed.)
2026-01-02T20:02:25.9880390Z Preparing to unpack .../libxcb-xinerama0_1.15-1ubuntu2_amd64.deb ...
2026-01-02T20:02:25.9910583Z Unpacking libxcb-xinerama0:amd64 (1.15-1ubuntu2) ...
2026-01-02T20:02:26.0079273Z Selecting previously unselected package libxcb-util1:amd64.
2026-01-02T20:02:26.0195072Z Preparing to unpack .../libxcb-util1_0.4.0-1build3_amd64.deb ...
2026-01-02T20:02:26.0204823Z Unpacking libxcb-util1:amd64 (0.4.0-1build3) ...
2026-01-02T20:02:26.0363691Z Selecting previously unselected package libxcb-image0:amd64.
2026-01-02T20:02:26.0477476Z Preparing to unpack .../libxcb-image0_0.4.0-2build1_amd64.deb ...
2026-01-02T20:02:26.0489703Z Unpacking libxcb-image0:amd64 (0.4.0-2build1) ...
2026-01-02T20:02:26.0645618Z Selecting previously unselected package libxcb-render-util0:amd64.
2026-01-02T20:02:26.0763622Z Preparing to unpack .../libxcb-render-util0_0.3.9-1build4_amd64.deb ...
2026-01-02T20:02:26.0775589Z Unpacking libxcb-render-util0:amd64 (0.3.9-1build4) ...
2026-01-02T20:02:26.0938054Z Selecting previously unselected package libxcb-cursor0:amd64.
2026-01-02T20:02:26.1052464Z Preparing to unpack .../libxcb-cursor0_0.1.4-1build1_amd64.deb ...
2026-01-02T20:02:26.1059385Z Unpacking libxcb-cursor0:amd64 (0.1.4-1build1) ...
2026-01-02T20:02:26.1347750Z Setting up libxcb-render-util0:amd64 (0.3.9-1build4) ...
2026-01-02T20:02:26.1368283Z Setting up libxcb-util1:amd64 (0.4.0-1build3) ...
2026-01-02T20:02:26.1394203Z Setting up libxcb-image0:amd64 (0.4.0-2build1) ...
2026-01-02T20:02:26.1414773Z Setting up libxcb-xinerama0:amd64 (1.15-1ubuntu2) ...
2026-01-02T20:02:26.1433718Z Setting up libxcb-cursor0:amd64 (0.1.4-1build1) ...
2026-01-02T20:02:26.1454775Z Processing triggers for libc-bin (2.39-0ubuntu8.6) ...
2026-01-02T20:02:26.6925763Z 
2026-01-02T20:02:26.6926208Z Running kernel seems to be up-to-date.
2026-01-02T20:02:26.6926557Z 
2026-01-02T20:02:26.6926707Z No services need to be restarted.
2026-01-02T20:02:26.6926954Z 
2026-01-02T20:02:26.6927085Z No containers need to be restarted.
2026-01-02T20:02:26.6927329Z 
2026-01-02T20:02:26.6927504Z No user sessions are running outdated binaries.
2026-01-02T20:02:26.6927834Z 
2026-01-02T20:02:26.6928108Z No VM guests are running outdated hypervisor (qemu) binaries on this host.
2026-01-02T20:02:27.5087423Z ##[group]Run python -m pip install --upgrade pip
2026-01-02T20:02:27.5087768Z [36;1mpython -m pip install --upgrade pip[0m
2026-01-02T20:02:27.5088047Z [36;1mpip install -r requirements.txt[0m
2026-01-02T20:02:27.5088326Z [36;1mpip install -r requirements-dev.txt[0m
2026-01-02T20:02:27.5107619Z shell: /usr/bin/bash -e {0}
2026-01-02T20:02:27.5107843Z env:
2026-01-02T20:02:27.5108084Z   pythonLocation: /opt/hostedtoolcache/Python/3.13.11/x64
2026-01-02T20:02:27.5108468Z   PKG_CONFIG_PATH: /opt/hostedtoolcache/Python/3.13.11/x64/lib/pkgconfig
2026-01-02T20:02:27.5108840Z   Python_ROOT_DIR: /opt/hostedtoolcache/Python/3.13.11/x64
2026-01-02T20:02:27.5109161Z   Python2_ROOT_DIR: /opt/hostedtoolcache/Python/3.13.11/x64
2026-01-02T20:02:27.5109490Z   Python3_ROOT_DIR: /opt/hostedtoolcache/Python/3.13.11/x64
2026-01-02T20:02:27.5109826Z   LD_LIBRARY_PATH: /opt/hostedtoolcache/Python/3.13.11/x64/lib
2026-01-02T20:02:27.5110220Z ##[endgroup]
2026-01-02T20:02:28.0523387Z Requirement already satisfied: pip in /opt/hostedtoolcache/Python/3.13.11/x64/lib/python3.13/site-packages (25.3)
2026-01-02T20:02:28.6607426Z Collecting PyQt6>=6.6.0 (from -r requirements.txt (line 2))
2026-01-02T20:02:28.7645158Z   Downloading pyqt6-6.10.1-cp39-abi3-manylinux_2_34_x86_64.whl.metadata (2.1 kB)
2026-01-02T20:02:28.8442498Z Collecting psutil>=5.9.0 (from -r requirements.txt (line 3))
2026-01-02T20:02:28.8640908Z   Downloading psutil-7.2.1-cp36-abi3-manylinux2010_x86_64.manylinux_2_12_x86_64.manylinux_2_28_x86_64.whl.metadata (22 kB)
2026-01-02T20:02:28.8917659Z Collecting qtawesome>=1.3.0 (from -r requirements.txt (line 4))
2026-01-02T20:02:28.9117275Z   Downloading qtawesome-1.4.0-py3-none-any.whl.metadata (11 kB)
2026-01-02T20:02:28.9417459Z Collecting PyQt6-sip<14,>=13.8 (from PyQt6>=6.6.0->-r requirements.txt (line 2))
2026-01-02T20:02:28.9615014Z   Downloading pyqt6_sip-13.10.3-cp313-cp313-manylinux1_x86_64.manylinux_2_5_x86_64.whl.metadata (495 bytes)
2026-01-02T20:02:28.9857536Z Collecting PyQt6-Qt6<6.11.0,>=6.10.0 (from PyQt6>=6.6.0->-r requirements.txt (line 2))
2026-01-02T20:02:29.0065078Z   Downloading pyqt6_qt6-6.10.1-py3-none-manylinux_2_34_x86_64.whl.metadata (535 bytes)
2026-01-02T20:02:29.0263269Z Collecting qtpy (from qtawesome>=1.3.0->-r requirements.txt (line 4))
2026-01-02T20:02:29.0456675Z   Downloading QtPy-2.4.3-py3-none-any.whl.metadata (12 kB)
2026-01-02T20:02:29.0640346Z Collecting packaging (from qtpy->qtawesome>=1.3.0->-r requirements.txt (line 4))
2026-01-02T20:02:29.0836779Z   Downloading packaging-25.0-py3-none-any.whl.metadata (3.3 kB)
2026-01-02T20:02:29.1072622Z Downloading pyqt6-6.10.1-cp39-abi3-manylinux_2_34_x86_64.whl (37.9 MB)
2026-01-02T20:02:29.3984855Z    ━━━━━━━━━━━━━━━━━━━━━━━━━━━━━━━━━━━━━━━━ 37.9/37.9 MB 152.9 MB/s  0:00:00
2026-01-02T20:02:29.4187641Z Downloading pyqt6_qt6-6.10.1-py3-none-manylinux_2_34_x86_64.whl (83.8 MB)
2026-01-02T20:02:29.8434400Z    ━━━━━━━━━━━━━━━━━━━━━━━━━━━━━━━━━━━━━━━━ 83.8/83.8 MB 197.8 MB/s  0:00:00
2026-01-02T20:02:29.8645052Z Downloading pyqt6_sip-13.10.3-cp313-cp313-manylinux1_x86_64.manylinux_2_5_x86_64.whl (301 kB)
2026-01-02T20:02:29.8877422Z Downloading psutil-7.2.1-cp36-abi3-manylinux2010_x86_64.manylinux_2_12_x86_64.manylinux_2_28_x86_64.whl (154 kB)
2026-01-02T20:02:29.9107293Z Downloading qtawesome-1.4.0-py3-none-any.whl (2.6 MB)
2026-01-02T20:02:29.9242207Z    ━━━━━━━━━━━━━━━━━━━━━━━━━━━━━━━━━━━━━━━━ 2.6/2.6 MB 204.0 MB/s  0:00:00
2026-01-02T20:02:29.9442045Z Downloading QtPy-2.4.3-py3-none-any.whl (95 kB)
2026-01-02T20:02:29.9654551Z Downloading packaging-25.0-py3-none-any.whl (66 kB)
2026-01-02T20:02:30.1259189Z Installing collected packages: PyQt6-Qt6, PyQt6-sip, psutil, packaging, qtpy, PyQt6, qtawesome
2026-01-02T20:02:31.9509647Z 
2026-01-02T20:02:31.9524109Z Successfully installed PyQt6-6.10.1 PyQt6-Qt6-6.10.1 PyQt6-sip-13.10.3 packaging-25.0 psutil-7.2.1 qtawesome-1.4.0 qtpy-2.4.3
2026-01-02T20:02:32.4198674Z Collecting pytest>=8.0.0 (from -r requirements-dev.txt (line 2))
2026-01-02T20:02:32.5219767Z   Downloading pytest-9.0.2-py3-none-any.whl.metadata (7.6 kB)
2026-01-02T20:02:32.5385289Z Collecting pytest-cov>=4.0.0 (from -r requirements-dev.txt (line 3))
2026-01-02T20:02:32.5583134Z   Downloading pytest_cov-7.0.0-py3-none-any.whl.metadata (31 kB)
2026-01-02T20:02:32.5872657Z Collecting pytest-qt>=4.3.0 (from -r requirements-dev.txt (line 4))
2026-01-02T20:02:32.7334064Z   Downloading pytest_qt-4.5.0-py3-none-any.whl.metadata (7.9 kB)
2026-01-02T20:02:33.0329466Z Collecting ruff>=0.1.0 (from -r requirements-dev.txt (line 5))
2026-01-02T20:02:33.0527296Z   Downloading ruff-0.14.10-py3-none-manylinux_2_17_x86_64.manylinux2014_x86_64.whl.metadata (26 kB)
2026-01-02T20:02:33.1417872Z Collecting mypy>=1.8.0 (from -r requirements-dev.txt (line 6))
2026-01-02T20:02:33.1618107Z   Downloading mypy-1.19.1-cp313-cp313-manylinux2014_x86_64.manylinux_2_17_x86_64.manylinux_2_28_x86_64.whl.metadata (2.2 kB)
2026-01-02T20:02:33.2017748Z Collecting pyinstaller>=6.0.0 (from -r requirements-dev.txt (line 7))
2026-01-02T20:02:33.2214195Z   Downloading pyinstaller-6.17.0-py3-none-manylinux2014_x86_64.whl.metadata (8.5 kB)
2026-01-02T20:02:33.2339412Z Collecting iniconfig>=1.0.1 (from pytest>=8.0.0->-r requirements-dev.txt (line 2))
2026-01-02T20:02:33.2543682Z   Downloading iniconfig-2.3.0-py3-none-any.whl.metadata (2.5 kB)
2026-01-02T20:02:33.2585454Z Requirement already satisfied: packaging>=22 in /opt/hostedtoolcache/Python/3.13.11/x64/lib/python3.13/site-packages (from pytest>=8.0.0->-r requirements-dev.txt (line 2)) (25.0)
2026-01-02T20:02:33.2692996Z Collecting pluggy<2,>=1.5 (from pytest>=8.0.0->-r requirements-dev.txt (line 2))
2026-01-02T20:02:33.2889589Z   Downloading pluggy-1.6.0-py3-none-any.whl.metadata (4.8 kB)
2026-01-02T20:02:33.3113968Z Collecting pygments>=2.7.2 (from pytest>=8.0.0->-r requirements-dev.txt (line 2))
2026-01-02T20:02:33.3314690Z   Downloading pygments-2.19.2-py3-none-any.whl.metadata (2.5 kB)
2026-01-02T20:02:33.6289075Z Collecting coverage>=7.10.6 (from coverage[toml]>=7.10.6->pytest-cov>=4.0.0->-r requirements-dev.txt (line 3))
2026-01-02T20:02:33.6487953Z   Downloading coverage-7.13.1-cp313-cp313-manylinux1_x86_64.manylinux_2_28_x86_64.manylinux_2_5_x86_64.whl.metadata (8.5 kB)
2026-01-02T20:02:33.6786478Z Collecting typing_extensions (from pytest-qt>=4.3.0->-r requirements-dev.txt (line 4))
2026-01-02T20:02:33.6982010Z   Downloading typing_extensions-4.15.0-py3-none-any.whl.metadata (3.3 kB)
2026-01-02T20:02:33.7111917Z Collecting mypy_extensions>=1.0.0 (from mypy>=1.8.0->-r requirements-dev.txt (line 6))
2026-01-02T20:02:33.7306458Z   Downloading mypy_extensions-1.1.0-py3-none-any.whl.metadata (1.1 kB)
2026-01-02T20:02:33.7418227Z Collecting pathspec>=0.9.0 (from mypy>=1.8.0->-r requirements-dev.txt (line 6))
2026-01-02T20:02:33.7614733Z   Downloading pathspec-0.12.1-py3-none-any.whl.metadata (21 kB)
2026-01-02T20:02:33.8407037Z Collecting librt>=0.6.2 (from mypy>=1.8.0->-r requirements-dev.txt (line 6))
2026-01-02T20:02:33.8605969Z   Downloading librt-0.7.7-cp313-cp313-manylinux2014_x86_64.manylinux_2_17_x86_64.manylinux_2_28_x86_64.whl.metadata (1.3 kB)
2026-01-02T20:02:33.8723172Z Collecting altgraph (from pyinstaller>=6.0.0->-r requirements-dev.txt (line 7))
2026-01-02T20:02:33.8918399Z   Downloading altgraph-0.17.5-py2.py3-none-any.whl.metadata (7.5 kB)
2026-01-02T20:02:33.9099200Z Collecting pyinstaller-hooks-contrib>=2025.9 (from pyinstaller>=6.0.0->-r requirements-dev.txt (line 7))
2026-01-02T20:02:33.9295414Z   Downloading pyinstaller_hooks_contrib-2025.11-py3-none-any.whl.metadata (16 kB)
2026-01-02T20:02:34.0340382Z Collecting setuptools>=42.0.0 (from pyinstaller>=6.0.0->-r requirements-dev.txt (line 7))
2026-01-02T20:02:34.0541258Z   Downloading setuptools-80.9.0-py3-none-any.whl.metadata (6.6 kB)
2026-01-02T20:02:34.0901021Z Downloading pytest-9.0.2-py3-none-any.whl (374 kB)
2026-01-02T20:02:34.1545176Z Downloading pluggy-1.6.0-py3-none-any.whl (20 kB)
2026-01-02T20:02:34.1767521Z Downloading pytest_cov-7.0.0-py3-none-any.whl (22 kB)
2026-01-02T20:02:34.1979501Z Downloading pytest_qt-4.5.0-py3-none-any.whl (37 kB)
2026-01-02T20:02:34.2191738Z Downloading ruff-0.14.10-py3-none-manylinux_2_17_x86_64.manylinux2014_x86_64.whl (14.2 MB)
2026-01-02T20:02:34.3664900Z    ━━━━━━━━━━━━━━━━━━━━━━━━━━━━━━━━━━━━━━━━ 14.2/14.2 MB 98.8 MB/s  0:00:00
2026-01-02T20:02:34.3868607Z Downloading mypy-1.19.1-cp313-cp313-manylinux2014_x86_64.manylinux_2_17_x86_64.manylinux_2_28_x86_64.whl (13.6 MB)
2026-01-02T20:02:34.4559845Z    ━━━━━━━━━━━━━━━━━━━━━━━━━━━━━━━━━━━━━━━━ 13.6/13.6 MB 200.3 MB/s  0:00:00
2026-01-02T20:02:34.4757206Z Downloading pyinstaller-6.17.0-py3-none-manylinux2014_x86_64.whl (737 kB)
2026-01-02T20:02:34.4812153Z    ━━━━━━━━━━━━━━━━━━━━━━━━━━━━━━━━━━━━━━━━ 737.8/737.8 kB 139.4 MB/s  0:00:00
2026-01-02T20:02:34.5006871Z Downloading coverage-7.13.1-cp313-cp313-manylinux1_x86_64.manylinux_2_28_x86_64.manylinux_2_5_x86_64.whl (252 kB)
2026-01-02T20:02:34.5225398Z Downloading iniconfig-2.3.0-py3-none-any.whl (7.5 kB)
2026-01-02T20:02:34.5438589Z Downloading librt-0.7.7-cp313-cp313-manylinux2014_x86_64.manylinux_2_17_x86_64.manylinux_2_28_x86_64.whl (189 kB)
2026-01-02T20:02:34.5654967Z Downloading mypy_extensions-1.1.0-py3-none-any.whl (5.0 kB)
2026-01-02T20:02:34.5964369Z Downloading pathspec-0.12.1-py3-none-any.whl (31 kB)
2026-01-02T20:02:34.6179466Z Downloading pygments-2.19.2-py3-none-any.whl (1.2 MB)
2026-01-02T20:02:34.6254623Z    ━━━━━━━━━━━━━━━━━━━━━━━━━━━━━━━━━━━━━━━━ 1.2/1.2 MB 181.9 MB/s  0:00:00
2026-01-02T20:02:34.6450023Z Downloading pyinstaller_hooks_contrib-2025.11-py3-none-any.whl (449 kB)
2026-01-02T20:02:34.6670368Z Downloading setuptools-80.9.0-py3-none-any.whl (1.2 MB)
2026-01-02T20:02:34.6736427Z    ━━━━━━━━━━━━━━━━━━━━━━━━━━━━━━━━━━━━━━━━ 1.2/1.2 MB 207.0 MB/s  0:00:00
2026-01-02T20:02:34.6930209Z Downloading typing_extensions-4.15.0-py3-none-any.whl (44 kB)
2026-01-02T20:02:34.7140295Z Downloading altgraph-0.17.5-py2.py3-none-any.whl (21 kB)
2026-01-02T20:02:34.8123490Z Installing collected packages: altgraph, typing_extensions, setuptools, ruff, pygments, pluggy, pathspec, mypy_extensions, librt, iniconfig, coverage, pytest, pyinstaller-hooks-contrib, mypy, pytest-qt, pytest-cov, pyinstaller
2026-01-02T20:02:38.5554235Z 
2026-01-02T20:02:38.5582326Z Successfully installed altgraph-0.17.5 coverage-7.13.1 iniconfig-2.3.0 librt-0.7.7 mypy-1.19.1 mypy_extensions-1.1.0 pathspec-0.12.1 pluggy-1.6.0 pygments-2.19.2 pyinstaller-6.17.0 pyinstaller-hooks-contrib-2025.11 pytest-9.0.2 pytest-cov-7.0.0 pytest-qt-4.5.0 ruff-0.14.10 setuptools-80.9.0 typing_extensions-4.15.0
2026-01-02T20:02:38.7042821Z ##[group]Run pytest tests/ -v --cov=src --cov-report=xml
2026-01-02T20:02:38.7043208Z [36;1mpytest tests/ -v --cov=src --cov-report=xml[0m
2026-01-02T20:02:38.7066160Z shell: /usr/bin/bash -e {0}
2026-01-02T20:02:38.7066412Z env:
2026-01-02T20:02:38.7066657Z   pythonLocation: /opt/hostedtoolcache/Python/3.13.11/x64
2026-01-02T20:02:38.7067044Z   PKG_CONFIG_PATH: /opt/hostedtoolcache/Python/3.13.11/x64/lib/pkgconfig
2026-01-02T20:02:38.7067416Z   Python_ROOT_DIR: /opt/hostedtoolcache/Python/3.13.11/x64
2026-01-02T20:02:38.7067742Z   Python2_ROOT_DIR: /opt/hostedtoolcache/Python/3.13.11/x64
2026-01-02T20:02:38.7068064Z   Python3_ROOT_DIR: /opt/hostedtoolcache/Python/3.13.11/x64
2026-01-02T20:02:38.7068380Z   LD_LIBRARY_PATH: /opt/hostedtoolcache/Python/3.13.11/x64/lib
2026-01-02T20:02:38.7068667Z   QT_QPA_PLATFORM: offscreen
2026-01-02T20:02:38.7068866Z ##[endgroup]
2026-01-02T20:02:39.1771712Z INTERNALERROR> Traceback (most recent call last):
2026-01-02T20:02:39.1772828Z INTERNALERROR>   File "/opt/hostedtoolcache/Python/3.13.11/x64/lib/python3.13/site-packages/_pytest/main.py", line 314, in wrap_session
2026-01-02T20:02:39.1773606Z INTERNALERROR>     config._do_configure()
2026-01-02T20:02:39.1773969Z INTERNALERROR>     ~~~~~~~~~~~~~~~~~~~~^^
2026-01-02T20:02:39.1774795Z INTERNALERROR>   File "/opt/hostedtoolcache/Python/3.13.11/x64/lib/python3.13/site-packages/_pytest/config/__init__.py", line 1159, in _do_configure
2026-01-02T20:02:39.1775786Z INTERNALERROR>     self.hook.pytest_configure.call_historic(kwargs=dict(config=self))
2026-01-02T20:02:39.1776402Z INTERNALERROR>     ~~~~~~~~~~~~~~~~~~~~~~~~~~~~~~~~~~~~~~~~^^^^^^^^^^^^^^^^^^^^^^^^^^
2026-01-02T20:02:39.1777219Z INTERNALERROR>   File "/opt/hostedtoolcache/Python/3.13.11/x64/lib/python3.13/site-packages/pluggy/_hooks.py", line 534, in call_historic
2026-01-02T20:02:39.1777876Z INTERNALERROR>     res = self._hookexec(self.name, self._hookimpls.copy(), kwargs, False)
2026-01-02T20:02:39.1778493Z INTERNALERROR>   File "/opt/hostedtoolcache/Python/3.13.11/x64/lib/python3.13/site-packages/pluggy/_manager.py", line 120, in _hookexec
2026-01-02T20:02:39.1779108Z INTERNALERROR>     return self._inner_hookexec(hook_name, methods, kwargs, firstresult)
2026-01-02T20:02:39.1779522Z INTERNALERROR>            ~~~~~~~~~~~~~~~~~~~~^^^^^^^^^^^^^^^^^^^^^^^^^^^^^^^^^^^^^^^^^
2026-01-02T20:02:39.1780070Z INTERNALERROR>   File "/opt/hostedtoolcache/Python/3.13.11/x64/lib/python3.13/site-packages/pluggy/_callers.py", line 167, in _multicall
2026-01-02T20:02:39.1780811Z INTERNALERROR>     raise exception
2026-01-02T20:02:39.1781294Z INTERNALERROR>   File "/opt/hostedtoolcache/Python/3.13.11/x64/lib/python3.13/site-packages/pluggy/_callers.py", line 121, in _multicall
2026-01-02T20:02:39.1782084Z INTERNALERROR>     res = hook_impl.function(*args)
2026-01-02T20:02:39.1782640Z INTERNALERROR>   File "/opt/hostedtoolcache/Python/3.13.11/x64/lib/python3.13/site-packages/pytestqt/plugin.py", line 241, in pytest_configure
2026-01-02T20:02:39.1783222Z INTERNALERROR>     qt_api.set_qt_api(config.getini("qt_api"))
2026-01-02T20:02:39.1783574Z INTERNALERROR>     ~~~~~~~~~~~~~~~~~^^^^^^^^^^^^^^^^^^^^^^^^^
2026-01-02T20:02:39.1784115Z INTERNALERROR>   File "/opt/hostedtoolcache/Python/3.13.11/x64/lib/python3.13/site-packages/pytestqt/qt_compat.py", line 108, in set_qt_api
2026-01-02T20:02:39.1784668Z INTERNALERROR>     self.QtGui = _import_module("QtGui")
2026-01-02T20:02:39.1784978Z INTERNALERROR>                  ~~~~~~~~~~~~~~^^^^^^^^^
2026-01-02T20:02:39.1785551Z INTERNALERROR>   File "/opt/hostedtoolcache/Python/3.13.11/x64/lib/python3.13/site-packages/pytestqt/qt_compat.py", line 104, in _import_module
2026-01-02T20:02:39.1786163Z INTERNALERROR>     m = __import__(_root_module, globals(), locals(), [module_name], 0)
2026-01-02T20:02:39.1786643Z INTERNALERROR> ImportError: libEGL.so.1: cannot open shared object file: No such file or directory
2026-01-02T20:02:39.2135096Z ##[error]Process completed with exit code 3.
2026-01-02T20:02:39.2230985Z Post job cleanup.
2026-01-02T20:02:39.3082218Z [command]/usr/bin/git version
2026-01-02T20:02:39.3117853Z git version 2.52.0
2026-01-02T20:02:39.3155546Z Temporarily overriding HOME='/home/runner/work/_temp/c2810d70-8c7f-4c03-b370-5f9c364cea8e' before making global git config changes
2026-01-02T20:02:39.3156533Z Adding repository directory to the temporary git global config as a safe directory
2026-01-02T20:02:39.3160885Z [command]/usr/bin/git config --global --add safe.directory /home/runner/work/port_pilot/port_pilot
2026-01-02T20:02:39.3191094Z [command]/usr/bin/git config --local --name-only --get-regexp core\.sshCommand
2026-01-02T20:02:39.3217380Z [command]/usr/bin/git submodule foreach --recursive sh -c "git config --local --name-only --get-regexp 'core\.sshCommand' && git config --local --unset-all 'core.sshCommand' || :"
2026-01-02T20:02:39.3393858Z [command]/usr/bin/git config --local --name-only --get-regexp http\.https\:\/\/github\.com\/\.extraheader
2026-01-02T20:02:39.3410485Z http.https://github.com/.extraheader
2026-01-02T20:02:39.3420573Z [command]/usr/bin/git config --local --unset-all http.https://github.com/.extraheader
2026-01-02T20:02:39.3444952Z [command]/usr/bin/git submodule foreach --recursive sh -c "git config --local --name-only --get-regexp 'http\.https\:\/\/github\.com\/\.extraheader' && git config --local --unset-all 'http.https://github.com/.extraheader' || :"
2026-01-02T20:02:39.3614686Z [command]/usr/bin/git config --local --name-only --get-regexp ^includeIf\.gitdir:
2026-01-02T20:02:39.3639538Z [command]/usr/bin/git submodule foreach --recursive git config --local --show-origin --name-only --get-regexp remote.origin.url
2026-01-02T20:02:39.3889410Z Cleaning up orphan processes
